// Jest Snapshot v1, https://goo.gl/fbAQLP

exports[`Home page matches snapshot 1`] = `
.emotion-1 {
  border: 1px solid #ccc;
  margin: 1em;
  padding: 1em;
}

.emotion-0 .nav-link {
  color: blue;
}

.emotion-0 .nav-link--active {
  color: green;
}

.emotion-0 .nav-list li {
  display: inline-block;
}

.emotion-0 .nav-list ul {
  list-style: none;
  padding: 0;
}

<div
  className="emotion-1"
>
  <header>
    Header
  </header>
  <nav
    className="emotion-0"
  >
    <ul>
      <li>
        <a
          className="nav-link"
          href="/"
          onClick={[Function]}
        >
          Home
        </a>
      </li>
      <li>
        <a
          className="nav-link"
          href="/about"
          onClick={[Function]}
        >
          About
        </a>
      </li>
    </ul>
  </nav>
  <main>
    <h1
      itemProp="title"
    >
      Home page
    </h1>
  </main>
  <footer>
    Footer
  </footer>
</div>
`;
